// Jest Snapshot v1, https://goo.gl/fbAQLP

exports[`Pruebas en <GifGridItem /> debe mostrar <GifGridItem /> correctamente 1`] = `
<div
  className="card animate__animated animate__fadeIn"
>
  <img
    alt="Un titulo"
    src="https://github.com/luzmar7/react-03-counter-app/blob/master/src/tests/CounterApp.test.js"
  />
  <p>
    Un titulo
  </p>
</div>
`;
